\BOOKMARK [1][-]{section.1}{\376\377\137\025\212\000}{}% 1
\BOOKMARK [1][-]{section.2}{\376\377\166\370\121\163\135\345\117\134}{}% 2
\BOOKMARK [1][-]{section.3}{\376\377\000D\000e\000e\000p\000-\000D\000r\000e\000a\000m}{}% 3
\BOOKMARK [2][-]{subsection.3.1}{\376\377\213\260\137\306\152\041\127\213}{section.3}% 4
\BOOKMARK [2][-]{subsection.3.2}{\376\377\121\145\136\223\116\016\133\371\237\120\377\032\116\044\116\343\137\025\144\316}{section.3}% 5
\BOOKMARK [2][-]{subsection.3.3}{\376\377\116\011\171\315\126\336\173\124\145\271\137\017\116\016\137\025\165\050\150\300\147\345}{section.3}% 6
\BOOKMARK [2][-]{subsection.3.4}{\376\377\117\341\140\157\213\272\211\306\211\322\116\013\166\204\156\020\217\333\142\253\227\062}{section.3}% 7
\BOOKMARK [1][-]{section.4}{\376\377\133\236\232\214}{}% 8
\BOOKMARK [2][-]{subsection.4.1}{\376\377\155\113\213\325\213\276\177\156\116\016\116\373\122\241\176\304}{section.4}% 9
\BOOKMARK [2][-]{subsection.4.2}{\376\377\000R\000Q\0001\377\032\220\020\153\145\213\373\123\326\123\237\145\207\200\375\124\046\145\071\217\333\173\124\150\110\377\037}{section.4}% 10
\BOOKMARK [2][-]{subsection.4.3}{\376\377\000R\000Q\0002\377\032\145\366\136\217\123\026\060\001\162\110\147\054\123\026\162\266\140\001\146\057\124\046\147\011\122\251\116\216\146\364\145\260\116\016\117\032\213\335\377\037}{section.4}% 11
\BOOKMARK [2][-]{subsection.4.4}{\376\377\000R\000Q\0003\377\032\151\202\137\365\116\016\121\163\174\373\215\357\137\204\200\375\124\046\145\057\144\221\131\032\215\363\145\164\124\010\377\037}{section.4}% 12
\BOOKMARK [2][-]{subsection.4.5}{\376\377\000R\000Q\0004\377\032\136\366\217\337\170\156\133\232\216\253\116\375\200\375\124\046\226\115\117\116\121\231\121\145\142\020\147\054\377\037}{section.4}% 13
\BOOKMARK [2][-]{subsection.4.6}{\376\377\000R\000Q\0005\377\032\123\352\117\335\165\131\123\206\123\362\166\204\213\276\213\241\127\050\124\352\221\314\131\061\215\045\377\037}{section.4}% 14
\BOOKMARK [2][-]{subsection.4.7}{\376\377\116\016\121\166\116\326\174\373\176\337\166\204\153\324\217\203}{section.4}% 15
\BOOKMARK [2][-]{subsection.4.8}{\376\377\147\072\122\066\213\312\145\255\377\032\171\273\176\277\150\300\175\042\116\016\127\050\176\277\213\373\123\326}{section.4}% 16
\BOOKMARK [2][-]{subsection.4.9}{\376\377\174\373\176\337\116\315\161\066\131\061\215\045\166\204\127\060\145\271}{section.4}% 17
\BOOKMARK [1][-]{section.5}{\376\377\122\006\147\220\116\016\134\100\226\120}{}% 18
\BOOKMARK [1][-]{section.6}{\376\377\176\323\213\272}{}% 19
\BOOKMARK [1][-]{appendix.A}{\376\377\123\357\131\015\163\260\140\047\116\016\133\241\213\241\176\306\202\202}{}% 20
\BOOKMARK [2][-]{subsection.A.1}{\376\377\135\345\116\366\215\046\147\054}{appendix.A}% 21
\BOOKMARK [2][-]{subsection.A.2}{\376\377\162\110\147\054\156\257\156\220\116\016\133\371\237\120\000\040\000A\000/\000B\000\040\170\024\172\166}{appendix.A}% 22
\BOOKMARK [2][-]{subsection.A.3}{\376\377\000M\000e\000m\000o\000r\000y\000A\000g\000e\000n\000t\000B\000e\000n\000c\000h\000\040\142\275\150\067\150\106\116\016\154\141\147\323\213\364\146\016}{appendix.A}% 23
\BOOKMARK [2][-]{subsection.A.4}{\376\377\214\003\145\164\000\040\000O\000v\000e\000r\000a\000l\000l\000\040\166\204\143\250\133\374}{appendix.A}% 24
\BOOKMARK [2][-]{subsection.A.5}{\376\377\124\004\215\357\137\204\143\320\171\072\213\315\116\016\221\115\177\156}{appendix.A}% 25
\BOOKMARK [2][-]{subsection.A.6}{\376\377\226\104\122\240\133\232\221\317\213\312\145\255}{appendix.A}% 26
\BOOKMARK [2][-]{subsection.A.7}{\376\377\217\175\117\123\123\302\161\147\377\010\000B\000i\000g\000C\000o\000d\000e\000B\000e\000n\000c\000h\000\040\000z\000h\000u\000o\0002\0000\0002\0004\000b\000i\000g\000c\000o\000d\000e\000b\000e\000n\000c\000h\060\001\000A\000L\000F\000W\000o\000r\000l\000d\000\040\000s\000h\000r\000i\000d\000h\000a\000r\0002\0000\0002\0001\000a\000l\000f\000w\000o\000r\000l\000d\377\011}{appendix.A}% 27
\BOOKMARK [2][-]{subsection.A.8}{\376\377\000M\000A\000B\000\040\121\145\136\223\156\005\123\125\177\072\123\343}{appendix.A}% 28
\BOOKMARK [2][-]{subsection.A.9}{\376\377\230\204\173\227\122\115\154\277}{appendix.A}% 29
\BOOKMARK [2][-]{subsection.A.10}{\376\377\000X\0007\000\040\220\032\220\123\155\210\207\215\176\306\202\202}{appendix.A}% 30
\BOOKMARK [2][-]{subsection.A.11}{\376\377\155\113\213\325\147\141\116\366\213\364\146\016}{appendix.A}% 31
\BOOKMARK [2][-]{subsection.A.12}{\376\377\117\335\165\131\166\204\133\214\145\164\140\047\131\061\215\045}{appendix.A}% 32
\BOOKMARK [2][-]{subsection.A.13}{\376\377\131\026\220\350\153\324\217\203\123\117\213\256}{appendix.A}% 33
\BOOKMARK [2][-]{subsection.A.14}{\376\377\147\266\147\204\166\204\117\341\140\157\213\272\213\373\154\325}{appendix.A}% 34
\BOOKMARK [3][-]{subsubsection.A.14.1}{\376\377\121\231\121\145\145\366\377\032\156\020\217\333\137\017\133\236\117\123\133\371\237\120}{subsection.A.14}% 35
\BOOKMARK [3][-]{subsubsection.A.14.2}{\376\377\213\373\123\326\145\366\377\032\134\102\176\247\150\300\175\042\117\115\177\156\116\016\156\020\217\333\142\253\227\062}{subsection.A.14}% 36
\BOOKMARK [3][-]{subsubsection.A.14.3}{\376\377\123\314\220\037\163\207\122\006\211\343\116\016\173\124\150\110\230\316\226\151}{subsection.A.14}% 37
